// Jest Snapshot v1, https://goo.gl/fbAQLP

exports[`Tradie UI Testing suite should be able to render tradie ui 1`] = `
<div>
  <section
    class="root-container"
  >
    <section
      class="job-options-container"
    >
      <section
        class="selected-option-tab"
      >
        <p>
          Invited
        </p>
      </section>
      <section
        class="default-option-tab"
      >
        <p>
          Accepted
        </p>
      </section>
    </section>
    <section>
      No Jobs currently available
    </section>
  </section>
</div>
`;
